// Jest Snapshot v1, https://goo.gl/fbAQLP

exports[`handleGenerateConfig should warn when --type option is not recognized 1`] = `
"
  command: ./bin/inso
  code: 1
  failed: true
  killed: false
  signal: null
  timedOut: false

  stdout:
  -------
  Usage: inso [options] [command]

  A CLI for Insomnia!

  Options:
    -v, --version   output the version number
    -h, --help      display help for command

  Commands:
    generate        Code generation utilities
    help [command]  display help for command
  -------
  stderr:
  -------
  
  -------
  "
`;
